#-----------------------------------------------------------
# Vivado v2025.1 (64-bit)
# SW Build 6140274 on Thu May 22 00:12:29 MDT 2025
# IP Build 6138677 on Thu May 22 03:10:11 MDT 2025
# SharedData Build 6139179 on Tue May 20 17:58:58 MDT 2025
# Start of session at: Tue Mar  3 10:02:42 2026
# Process ID         : 6164
# Current directory  : C:/Users/noors/OneDrive/Documents/GitHub/ENEL_400_Oscilly/rtl
# Command line       : vivado.exe -gui_launcher_event rodinguilauncherevent21744 C:\Users\noors\OneDrive\Documents\GitHub\ENEL_400_Oscilly\rtl\mvpattempt1.xpr
# Log file           : C:/Users/noors/OneDrive/Documents/GitHub/ENEL_400_Oscilly/rtl/vivado.log
# Journal file       : C:/Users/noors/OneDrive/Documents/GitHub/ENEL_400_Oscilly/rtl\vivado.jou
# Running On         : Noor_laptop
# Platform           : Windows Server 2016 or Windows 10
# Operating System   : 26200
# Processor Detail   : 12th Gen Intel(R) Core(TM) i7-1255U
# CPU Frequency      : 2611 MHz
# CPU Physical cores : 10
# CPU Logical cores  : 12
# Host memory        : 16850 MB
# Swap memory        : 20069 MB
# Total Virtual      : 36919 MB
# Available Virtual  : 15150 MB
#-----------------------------------------------------------
start_gui
open_project C:/Users/noors/OneDrive/Documents/GitHub/ENEL_400_Oscilly/rtl/mvpattempt1.xpr
WARNING: [Board 49-26] cannot add Board Part xilinx.com:emb-plus-vpr-4616:part0:1.0 available at C:/Xilinx/2025.1/data/xhub/boards\XilinxBoardStore\boards\Xilinx\emb-plus-vpr-4616\1.0\board.xml as part xcve2302-sfva784-2mp-e-s specified in board_part file is either invalid or not available
WARNING: [Board 49-26] cannot add Board Part xilinx.com:emb-plus-vpr-4616:part0:1.1 available at C:/Xilinx/2025.1/data/xhub/boards\XilinxBoardStore\boards\Xilinx\emb-plus-vpr-4616\1.1\board.xml as part xcve2302-sfva784-2mp-e-s specified in board_part file is either invalid or not available
WARNING: [Board 49-26] cannot add Board Part xilinx.com:k24c:part0:1.0 available at C:/Xilinx/2025.1/data/xhub/boards\XilinxBoardStore\boards\Xilinx\k24c\1.0\board.xml as part xck24-ubva530-2lv-c specified in board_part file is either invalid or not available
WARNING: [Board 49-26] cannot add Board Part xilinx.com:k24c:part0:1.1 available at C:/Xilinx/2025.1/data/xhub/boards\XilinxBoardStore\boards\Xilinx\k24c\1.1\board.xml as part xck24-ubva530-2lv-c specified in board_part file is either invalid or not available
WARNING: [Board 49-26] cannot add Board Part xilinx.com:k24i:part0:1.0 available at C:/Xilinx/2025.1/data/xhub/boards\XilinxBoardStore\boards\Xilinx\k24i\1.0\board.xml as part xck24-ubva530-2lvi-i specified in board_part file is either invalid or not available
WARNING: [Board 49-26] cannot add Board Part xilinx.com:k26c:part0:1.2 available at C:/Xilinx/2025.1/data/xhub/boards\XilinxBoardStore\boards\Xilinx\k26c\1.2\board.xml as part xck26-sfvc784-2lv-c specified in board_part file is either invalid or not available
WARNING: [Board 49-26] cannot add Board Part xilinx.com:k26c:part0:1.3 available at C:/Xilinx/2025.1/data/xhub/boards\XilinxBoardStore\boards\Xilinx\k26c\1.3\board.xml as part xck26-sfvc784-2lv-c specified in board_part file is either invalid or not available
WARNING: [Board 49-26] cannot add Board Part xilinx.com:k26c:part0:1.4 available at C:/Xilinx/2025.1/data/xhub/boards\XilinxBoardStore\boards\Xilinx\k26c\1.4\board.xml as part xck26-sfvc784-2lv-c specified in board_part file is either invalid or not available
WARNING: [Board 49-26] cannot add Board Part xilinx.com:k26i:part0:1.2 available at C:/Xilinx/2025.1/data/xhub/boards\XilinxBoardStore\boards\Xilinx\k26i\1.2\board.xml as part xck26-sfvc784-2lvi-i specified in board_part file is either invalid or not available
WARNING: [Board 49-26] cannot add Board Part xilinx.com:k26i:part0:1.3 available at C:/Xilinx/2025.1/data/xhub/boards\XilinxBoardStore\boards\Xilinx\k26i\1.3\board.xml as part xck26-sfvc784-2lvi-i specified in board_part file is either invalid or not available
WARNING: [Board 49-26] cannot add Board Part xilinx.com:k26i:part0:1.4 available at C:/Xilinx/2025.1/data/xhub/boards\XilinxBoardStore\boards\Xilinx\k26i\1.4\board.xml as part xck26-sfvc784-2lvi-i specified in board_part file is either invalid or not available
WARNING: [Board 49-26] cannot add Board Part xilinx.com:kcu105:part0:1.6 available at C:/Xilinx/2025.1/data/xhub/boards\XilinxBoardStore\boards\Xilinx\kcu105\1.6\board.xml as part xcku040-ffva1156-2-e specified in board_part file is either invalid or not available
WARNING: [Board 49-26] cannot add Board Part xilinx.com:kcu105:part0:1.7 available at C:/Xilinx/2025.1/data/xhub/boards\XilinxBoardStore\boards\Xilinx\kcu105\1.7\board.xml as part xcku040-ffva1156-2-e specified in board_part file is either invalid or not available
WARNING: [Board 49-26] cannot add Board Part xilinx.com:kcu116:part0:1.4 available at C:/Xilinx/2025.1/data/xhub/boards\XilinxBoardStore\boards\Xilinx\kcu116\1.4\board.xml as part xcku5p-ffvb676-2-e specified in board_part file is either invalid or not available
WARNING: [Board 49-26] cannot add Board Part xilinx.com:kcu116:part0:1.5 available at C:/Xilinx/2025.1/data/xhub/boards\XilinxBoardStore\boards\Xilinx\kcu116\1.5\board.xml as part xcku5p-ffvb676-2-e specified in board_part file is either invalid or not available
WARNING: [Board 49-26] cannot add Board Part xilinx.com:kcu1500:part0:1.2 available at C:/Xilinx/2025.1/data/xhub/boards\XilinxBoardStore\boards\Xilinx\kcu1500\1.2\board.xml as part xcku115-flvb2104-2-e specified in board_part file is either invalid or not available
WARNING: [Board 49-26] cannot add Board Part xilinx.com:kd240_som:part0:1.0 available at C:/Xilinx/2025.1/data/xhub/boards\XilinxBoardStore\boards\Xilinx\kd240_som\1.0\board.xml as part xck24-ubva530-2lv-c specified in board_part file is either invalid or not available
WARNING: [Board 49-26] cannot add Board Part xilinx.com:kd240_som:part0:1.1 available at C:/Xilinx/2025.1/data/xhub/boards\XilinxBoardStore\boards\Xilinx\kd240_som\1.1\board.xml as part xck24-ubva530-2lv-c specified in board_part file is either invalid or not available
WARNING: [Board 49-26] cannot add Board Part xilinx.com:kr260_som:part0:1.0 available at C:/Xilinx/2025.1/data/xhub/boards\XilinxBoardStore\boards\Xilinx\kr260_som\1.0\board.xml as part xck26-sfvc784-2lv-c specified in board_part file is either invalid or not available
WARNING: [Board 49-26] cannot add Board Part xilinx.com:kr260_som:part0:1.1 available at C:/Xilinx/2025.1/data/xhub/boards\XilinxBoardStore\boards\Xilinx\kr260_som\1.1\board.xml as part xck26-sfvc784-2lv-c specified in board_part file is either invalid or not available
WARNING: [Board 49-26] cannot add Board Part xilinx.com:kv260_som:part0:1.2 available at C:/Xilinx/2025.1/data/xhub/boards\XilinxBoardStore\boards\Xilinx\kv260_som\1.2\board.xml as part xck26-sfvc784-2lv-c specified in board_part file is either invalid or not available
WARNING: [Board 49-26] cannot add Board Part xilinx.com:kv260_som:part0:1.3 available at C:/Xilinx/2025.1/data/xhub/boards\XilinxBoardStore\boards\Xilinx\kv260_som\1.3\board.xml as part xck26-sfvc784-2lv-c specified in board_part file is either invalid or not available
WARNING: [Board 49-26] cannot add Board Part xilinx.com:kv260_som:part0:1.4 available at C:/Xilinx/2025.1/data/xhub/boards\XilinxBoardStore\boards\Xilinx\kv260_som\1.4\board.xml as part xck26-sfvc784-2lv-c specified in board_part file is either invalid or not available
WARNING: [Board 49-26] cannot add Board Part xilinx.com:scu35:part0:1.0 available at C:/Xilinx/2025.1/data/xhub/boards\XilinxBoardStore\boards\Xilinx\scu35\1.0\board.xml as part xcsu35p-sbvb625-2-e specified in board_part file is either invalid or not available
WARNING: [Board 49-26] cannot add Board Part xilinx.com:v80:part0:1.0 available at C:/Xilinx/2025.1/data/xhub/boards\XilinxBoardStore\boards\Xilinx\v80\1.0\board.xml as part xcv80-lsva4737-2mhp-e-s specified in board_part file is either invalid or not available
WARNING: [Board 49-26] cannot add Board Part xilinx.com:vck190:part0:2.2 available at C:/Xilinx/2025.1/data/xhub/boards\XilinxBoardStore\boards\Xilinx\vck190\production\2.2\board.xml as part xcvc1902-vsva2197-2mp-e-s specified in board_part file is either invalid or not available
WARNING: [Board 49-26] cannot add Board Part xilinx.com:vck190:part0:3.0 available at C:/Xilinx/2025.1/data/xhub/boards\XilinxBoardStore\boards\Xilinx\vck190\production\3.0\board.xml as part xcvc1902-vsva2197-2mp-e-s specified in board_part file is either invalid or not available
WARNING: [Board 49-26] cannot add Board Part xilinx.com:vck190:part0:3.1 available at C:/Xilinx/2025.1/data/xhub/boards\XilinxBoardStore\boards\Xilinx\vck190\production\3.1\board.xml as part xcvc1902-vsva2197-2mp-e-s specified in board_part file is either invalid or not available
WARNING: [Board 49-26] cannot add Board Part xilinx.com:vck190:part0:3.2 available at C:/Xilinx/2025.1/data/xhub/boards\XilinxBoardStore\boards\Xilinx\vck190\production\3.2\board.xml as part xcvc1902-vsva2197-2mp-e-s specified in board_part file is either invalid or not available
WARNING: [Board 49-26] cannot add Board Part xilinx.com:vck190:part0:3.3 available at C:/Xilinx/2025.1/data/xhub/boards\XilinxBoardStore\boards\Xilinx\vck190\production\3.3\board.xml as part xcvc1902-vsva2197-2mp-e-s specified in board_part file is either invalid or not available
WARNING: [Board 49-26] cannot add Board Part xilinx.com:vck190:part0:3.4 available at C:/Xilinx/2025.1/data/xhub/boards\XilinxBoardStore\boards\Xilinx\vck190\production\3.4\board.xml as part xcvc1902-vsva2197-2mp-e-s specified in board_part file is either invalid or not available
WARNING: [Board 49-26] cannot add Board Part xilinx.com:vck190_newl:part0:1.0 available at C:/Xilinx/2025.1/data/xhub/boards\XilinxBoardStore\boards\Xilinx\vck190_newl\production\1.0\board.xml as part xcvc1902-vsva2197-2mp-e-s specified in board_part file is either invalid or not available
WARNING: [Board 49-26] cannot add Board Part xilinx.com:vck190_newl:part0:1.1 available at C:/Xilinx/2025.1/data/xhub/boards\XilinxBoardStore\boards\Xilinx\vck190_newl\production\1.1\board.xml as part xcvc1902-vsva2197-2mp-e-s specified in board_part file is either invalid or not available
WARNING: [Board 49-26] cannot add Board Part xilinx.com:vck190_newl:part0:1.2 available at C:/Xilinx/2025.1/data/xhub/boards\XilinxBoardStore\boards\Xilinx\vck190_newl\production\1.2\board.xml as part xcvc1902-vsva2197-2mp-e-s specified in board_part file is either invalid or not available
WARNING: [Board 49-26] cannot add Board Part xilinx.com:vck190_newl:part0:1.3 available at C:/Xilinx/2025.1/data/xhub/boards\XilinxBoardStore\boards\Xilinx\vck190_newl\production\1.3\board.xml as part xcvc1902-vsva2197-2mp-e-s specified in board_part file is either invalid or not available
WARNING: [Board 49-26] cannot add Board Part xilinx.com:vcu108:part0:1.6 available at C:/Xilinx/2025.1/data/xhub/boards\XilinxBoardStore\boards\Xilinx\vcu108\1.6\board.xml as part xcvu095-ffva2104-2-e specified in board_part file is either invalid or not available
WARNING: [Board 49-26] cannot add Board Part xilinx.com:vcu108:part0:1.7 available at C:/Xilinx/2025.1/data/xhub/boards\XilinxBoardStore\boards\Xilinx\vcu108\1.7\board.xml as part xcvu095-ffva2104-2-e specified in board_part file is either invalid or not available
WARNING: [Board 49-26] cannot add Board Part xilinx.com:vcu110:part0:1.4 available at C:/Xilinx/2025.1/data/xhub/boards\XilinxBoardStore\boards\Xilinx\vcu110\1.4\board.xml as part xcvu190-flgc2104-2-e specified in board_part file is either invalid or not available
WARNING: [Board 49-26] cannot add Board Part xilinx.com:vcu118:part0:2.0 available at C:/Xilinx/2025.1/data/xhub/boards\XilinxBoardStore\boards\Xilinx\vcu118\2.0\board.xml as part xcvu9p-flga2104-2l-e specified in board_part file is either invalid or not available
WARNING: [Board 49-26] cannot add Board Part xilinx.com:vcu118:part0:2.3 available at C:/Xilinx/2025.1/data/xhub/boards\XilinxBoardStore\boards\Xilinx\vcu118\2.3\board.xml as part xcvu9p-flga2104-2l-e specified in board_part file is either invalid or not available
WARNING: [Board 49-26] cannot add Board Part xilinx.com:vcu118:part0:2.4 available at C:/Xilinx/2025.1/data/xhub/boards\XilinxBoardStore\boards\Xilinx\vcu118\2.4\board.xml as part xcvu9p-flga2104-2l-e specified in board_part file is either invalid or not available
WARNING: [Board 49-26] cannot add Board Part xilinx.com:vcu128:part0:1.0 available at C:/Xilinx/2025.1/data/xhub/boards\XilinxBoardStore\boards\Xilinx\vcu128\production\1.0\board.xml as part xcvu37p-fsvh2892-2l-e specified in board_part file is either invalid or not available
WARNING: [Board 49-26] cannot add Board Part xilinx.com:vcu129:part0:1.0 available at C:/Xilinx/2025.1/data/xhub/boards\XilinxBoardStore\boards\Xilinx\vcu129\production\1.0\board.xml as part xcvu29p-fsga2577-2l-e specified in board_part file is either invalid or not available
WARNING: [Board 49-26] cannot add Board Part xilinx.com:vcu1525:part0:1.3 available at C:/Xilinx/2025.1/data/xhub/boards\XilinxBoardStore\boards\Xilinx\vcu1525\1.3\board.xml as part xcvu9p-fsgd2104-2l-e specified in board_part file is either invalid or not available
WARNING: [Board 49-26] cannot add Board Part xilinx.com:vek280:part0:1.0 available at C:/Xilinx/2025.1/data/xhub/boards\XilinxBoardStore\boards\Xilinx\vek280\production\1.0\board.xml as part xcve2802-vsvh1760-2mp-e-s specified in board_part file is either invalid or not available
WARNING: [Board 49-26] cannot add Board Part xilinx.com:vek280:part0:1.1 available at C:/Xilinx/2025.1/data/xhub/boards\XilinxBoardStore\boards\Xilinx\vek280\production\1.1\board.xml as part xcve2802-vsvh1760-2mp-e-s specified in board_part file is either invalid or not available
WARNING: [Board 49-26] cannot add Board Part xilinx.com:vek280:part0:1.2 available at C:/Xilinx/2025.1/data/xhub/boards\XilinxBoardStore\boards\Xilinx\vek280\production\1.2\board.xml as part xcve2802-vsvh1760-2mp-e-s specified in board_part file is either invalid or not available
WARNING: [Board 49-26] cannot add Board Part xilinx.com:vek385:part0:1.0 available at C:/Xilinx/2025.1/data/xhub/boards\XilinxBoardStore\boards\Xilinx\vek385\1.0\board.xml as part xc2ve3858-ssva2112-2mp-e-s specified in board_part file is either invalid or not available
WARNING: [Board 49-26] cannot add Board Part xilinx.com:vermeo_t1_mpsoc:part0:1.0 available at C:/Xilinx/2025.1/data/xhub/boards\XilinxBoardStore\boards\Xilinx\vermeo_t1_mpsoc\1.0\board.xml as part xczu19eg-ffvd1760-2l-e specified in board_part file is either invalid or not available
WARNING: [Board 49-26] cannot add Board Part xilinx.com:vermeo_t1_rfsoc:part0:1.0 available at C:/Xilinx/2025.1/data/xhub/boards\XilinxBoardStore\boards\Xilinx\vermeo_t1_rfsoc\1.0\board.xml as part xczu21dr-ffvd1156-2l-e specified in board_part file is either invalid or not available
WARNING: [Board 49-26] cannot add Board Part xilinx.com:vhk158:part0:1.0 available at C:/Xilinx/2025.1/data/xhub/boards\XilinxBoardStore\boards\Xilinx\vhk158\production\1.0\board.xml as part xcvh1582-vsva3697-2mp-e-s specified in board_part file is either invalid or not available
WARNING: [Board 49-26] cannot add Board Part xilinx.com:vhk158:part0:1.1 available at C:/Xilinx/2025.1/data/xhub/boards\XilinxBoardStore\boards\Xilinx\vhk158\production\1.1\board.xml as part xcvh1582-vsva3697-2mp-e-s specified in board_part file is either invalid or not available
WARNING: [Board 49-26] cannot add Board Part xilinx.com:vhk158:part0:1.2 available at C:/Xilinx/2025.1/data/xhub/boards\XilinxBoardStore\boards\Xilinx\vhk158\production\1.2\board.xml as part xcvh1582-vsva3697-2mp-e-s specified in board_part file is either invalid or not available
WARNING: [Board 49-26] cannot add Board Part xilinx.com:vmk180:part0:2.2 available at C:/Xilinx/2025.1/data/xhub/boards\XilinxBoardStore\boards\Xilinx\vmk180\production\2.2\board.xml as part xcvm1802-vsva2197-2mp-e-s specified in board_part file is either invalid or not available
WARNING: [Board 49-26] cannot add Board Part xilinx.com:vmk180:part0:3.0 available at C:/Xilinx/2025.1/data/xhub/boards\XilinxBoardStore\boards\Xilinx\vmk180\production\3.0\board.xml as part xcvm1802-vsva2197-2mp-e-s specified in board_part file is either invalid or not available
WARNING: [Board 49-26] cannot add Board Part xilinx.com:vmk180:part0:3.1 available at C:/Xilinx/2025.1/data/xhub/boards\XilinxBoardStore\boards\Xilinx\vmk180\production\3.1\board.xml as part xcvm1802-vsva2197-2mp-e-s specified in board_part file is either invalid or not available
WARNING: [Board 49-26] cannot add Board Part xilinx.com:vmk180:part0:3.2 available at C:/Xilinx/2025.1/data/xhub/boards\XilinxBoardStore\boards\Xilinx\vmk180\production\3.2\board.xml as part xcvm1802-vsva2197-2mp-e-s specified in board_part file is either invalid or not available
WARNING: [Board 49-26] cannot add Board Part xilinx.com:vmk180:part0:3.3 available at C:/Xilinx/2025.1/data/xhub/boards\XilinxBoardStore\boards\Xilinx\vmk180\production\3.3\board.xml as part xcvm1802-vsva2197-2mp-e-s specified in board_part file is either invalid or not available
WARNING: [Board 49-26] cannot add Board Part xilinx.com:vmk180_newl:part0:1.0 available at C:/Xilinx/2025.1/data/xhub/boards\XilinxBoardStore\boards\Xilinx\vmk180_newl\production\1.0\board.xml as part xcvm1802-vsva2197-2mp-e-s specified in board_part file is either invalid or not available
WARNING: [Board 49-26] cannot add Board Part xilinx.com:vmk180_newl:part0:1.1 available at C:/Xilinx/2025.1/data/xhub/boards\XilinxBoardStore\boards\Xilinx\vmk180_newl\production\1.1\board.xml as part xcvm1802-vsva2197-2mp-e-s specified in board_part file is either invalid or not available
WARNING: [Board 49-26] cannot add Board Part xilinx.com:vpk120:part0:1.0 available at C:/Xilinx/2025.1/data/xhub/boards\XilinxBoardStore\boards\Xilinx\vpk120\production\1.0\board.xml as part xcvp1202-vsva2785-2mp-e-s specified in board_part file is either invalid or not available
WARNING: [Board 49-26] cannot add Board Part xilinx.com:vpk120:part0:1.1 available at C:/Xilinx/2025.1/data/xhub/boards\XilinxBoardStore\boards\Xilinx\vpk120\production\1.1\board.xml as part xcvp1202-vsva2785-2mp-e-s specified in board_part file is either invalid or not available
WARNING: [Board 49-26] cannot add Board Part xilinx.com:vpk120:part0:1.2 available at C:/Xilinx/2025.1/data/xhub/boards\XilinxBoardStore\boards\Xilinx\vpk120\production\1.2\board.xml as part xcvp1202-vsva2785-2mp-e-s specified in board_part file is either invalid or not available
WARNING: [Board 49-26] cannot add Board Part xilinx.com:vpk180:part0:1.0 available at C:/Xilinx/2025.1/data/xhub/boards\XilinxBoardStore\boards\Xilinx\vpk180\production\1.0\board.xml as part xcvp1802-lsvc4072-2mp-e-s specified in board_part file is either invalid or not available
WARNING: [Board 49-26] cannot add Board Part xilinx.com:vpk180:part0:1.1 available at C:/Xilinx/2025.1/data/xhub/boards\XilinxBoardStore\boards\Xilinx\vpk180\production\1.1\board.xml as part xcvp1802-lsvc4072-2mp-e-s specified in board_part file is either invalid or not available
WARNING: [Board 49-26] cannot add Board Part xilinx.com:vpk180:part0:1.2 available at C:/Xilinx/2025.1/data/xhub/boards\XilinxBoardStore\boards\Xilinx\vpk180\production\1.2\board.xml as part xcvp1802-lsvc4072-2mp-e-s specified in board_part file is either invalid or not available
WARNING: [Board 49-26] cannot add Board Part xilinx.com:zc702:part0:1.4 available at C:/Xilinx/2025.1/data/xhub/boards\XilinxBoardStore\boards\Xilinx\zc702\1.4\board.xml as part xc7z020clg484-1 specified in board_part file is either invalid or not available
WARNING: [Board 49-26] cannot add Board Part xilinx.com:zc706:part0:1.4 available at C:/Xilinx/2025.1/data/xhub/boards\XilinxBoardStore\boards\Xilinx\zc706\1.4\board.xml as part xc7z045ffg900-2 specified in board_part file is either invalid or not available
WARNING: [Board 49-26] cannot add Board Part xilinx.com:zcu102:part0:3.3 available at C:/Xilinx/2025.1/data/xhub/boards\XilinxBoardStore\boards\Xilinx\zcu102\3.3\board.xml as part xczu9eg-ffvb1156-2-e specified in board_part file is either invalid or not available
WARNING: [Board 49-26] cannot add Board Part xilinx.com:zcu102:part0:3.4 available at C:/Xilinx/2025.1/data/xhub/boards\XilinxBoardStore\boards\Xilinx\zcu102\3.4\board.xml as part xczu9eg-ffvb1156-2-e specified in board_part file is either invalid or not available
WARNING: [Board 49-26] cannot add Board Part xilinx.com:zcu104:part0:1.1 available at C:/Xilinx/2025.1/data/xhub/boards\XilinxBoardStore\boards\Xilinx\zcu104\1.1\board.xml as part xczu7ev-ffvc1156-2-e specified in board_part file is either invalid or not available
WARNING: [Board 49-26] cannot add Board Part xilinx.com:zcu106:part0:2.4 available at C:/Xilinx/2025.1/data/xhub/boards\XilinxBoardStore\boards\Xilinx\zcu106\2.4\board.xml as part xczu7ev-ffvc1156-2-e specified in board_part file is either invalid or not available
WARNING: [Board 49-26] cannot add Board Part xilinx.com:zcu106:part0:2.5 available at C:/Xilinx/2025.1/data/xhub/boards\XilinxBoardStore\boards\Xilinx\zcu106\2.5\board.xml as part xczu7ev-ffvc1156-2-e specified in board_part file is either invalid or not available
WARNING: [Board 49-26] cannot add Board Part xilinx.com:zcu106:part0:2.6 available at C:/Xilinx/2025.1/data/xhub/boards\XilinxBoardStore\boards\Xilinx\zcu106\2.6\board.xml as part xczu7ev-ffvc1156-2-e specified in board_part file is either invalid or not available
WARNING: [Board 49-26] cannot add Board Part xilinx.com:zcu111:part0:1.2 available at C:/Xilinx/2025.1/data/xhub/boards\XilinxBoardStore\boards\Xilinx\zcu111\1.2\board.xml as part xczu28dr-ffvg1517-2-e specified in board_part file is either invalid or not available
WARNING: [Board 49-26] cannot add Board Part xilinx.com:zcu111:part0:1.3 available at C:/Xilinx/2025.1/data/xhub/boards\XilinxBoardStore\boards\Xilinx\zcu111\1.3\board.xml as part xczu28dr-ffvg1517-2-e specified in board_part file is either invalid or not available
WARNING: [Board 49-26] cannot add Board Part xilinx.com:zcu111:part0:1.4 available at C:/Xilinx/2025.1/data/xhub/boards\XilinxBoardStore\boards\Xilinx\zcu111\1.4\board.xml as part xczu28dr-ffvg1517-2-e specified in board_part file is either invalid or not available
WARNING: [Board 49-26] cannot add Board Part xilinx.com:zcu1275:part0:1.0 available at C:/Xilinx/2025.1/data/xhub/boards\XilinxBoardStore\boards\Xilinx\zcu1275\1.0\board.xml as part xczu29dr-ffvf1760-2-e specified in board_part file is either invalid or not available
WARNING: [Board 49-26] cannot add Board Part xilinx.com:zcu1285:part0:1.0 available at C:/Xilinx/2025.1/data/xhub/boards\XilinxBoardStore\boards\Xilinx\zcu1285\1.0\board.xml as part xczu39dr-ffvf1760-2-i specified in board_part file is either invalid or not available
WARNING: [Board 49-26] cannot add Board Part xilinx.com:zcu208:part0:2.0 available at C:/Xilinx/2025.1/data/xhub/boards\XilinxBoardStore\boards\Xilinx\zcu208\production\2.0\board.xml as part xczu48dr-fsvg1517-2-e specified in board_part file is either invalid or not available
WARNING: [Board 49-26] cannot add Board Part xilinx.com:zcu208ld:part0:2.0 available at C:/Xilinx/2025.1/data/xhub/boards\XilinxBoardStore\boards\Xilinx\zcu208ld\production\2.0\board.xml as part xczu58dr-fsvg1517-2-i specified in board_part file is either invalid or not available
WARNING: [Board 49-26] cannot add Board Part xilinx.com:zcu216:part0:2.0 available at C:/Xilinx/2025.1/data/xhub/boards\XilinxBoardStore\boards\Xilinx\zcu216\production\2.0\board.xml as part xczu49dr-ffvf1760-2-e specified in board_part file is either invalid or not available
WARNING: [Board 49-26] cannot add Board Part xilinx.com:zcu216ld:part0:2.0 available at C:/Xilinx/2025.1/data/xhub/boards\XilinxBoardStore\boards\Xilinx\zcu216ld\production\2.0\board.xml as part xczu59dr-ffvf1760-2-i specified in board_part file is either invalid or not available
WARNING: [Board 49-26] cannot add Board Part xilinx.com:zcu670:part0:2.0 available at C:/Xilinx/2025.1/data/xhub/boards\XilinxBoardStore\boards\Xilinx\zcu670\2.0\board.xml as part xczu67dr-fsve1156-2-i specified in board_part file is either invalid or not available
WARNING: [Board 49-26] cannot add Board Part xilinx.com:zcu670ld:part0:1.0 available at C:/Xilinx/2025.1/data/xhub/boards\XilinxBoardStore\boards\Xilinx\zcu670ld\1.0\board.xml as part xczu57dr-fsve1156-2-i specified in board_part file is either invalid or not available
INFO: [Project 1-313] Project file moved from 'C:/Users/ibrkh/Desktop/courses/courses/y3s2/enel400/400attempt1MVP/mvpattempt1' since last save.
INFO: [filemgmt 56-3] Default IP Output Path : Could not find the directory 'C:/Users/noors/OneDrive/Documents/GitHub/ENEL_400_Oscilly/rtl/mvpattempt1.gen/sources_1'.
WARNING: [filemgmt 56-3] IPUserFilesDir: Could not find the directory 'C:/Users/noors/OneDrive/Documents/GitHub/ENEL_400_Oscilly/rtl/mvpattempt1.ip_user_files'.
CRITICAL WARNING: [Project 1-311] Could not find the file 'C:/Users/noors/OneDrive/Documents/GitHub/ENEL_400_Oscilly/rtl/mvpattempt1.srcs/utils_1/imports/synth_1/toplevelMVP.dcp', nor could it be found using path 'C:/Users/ibrkh/Desktop/courses/courses/y3s2/enel400/400attempt1MVP/mvpattempt1/mvpattempt1.srcs/utils_1/imports/synth_1/toplevelMVP.dcp'.
WARNING: [Project 1-865] Could not find the file C:/Users/noors/OneDrive/Documents/GitHub/ENEL_400_Oscilly/rtl/mvpattempt1.srcs/utils_1/imports/synth_1/toplevelMVP.dcp
Scanning sources...
Finished scanning sources
WARNING: [Project 1-509] GeneratedRun file for 'synth_1' not found
WARNING: [Project 1-509] GeneratedRun file for 'impl_1' not found
WARNING: [Board 49-26] cannot add Board Part xilinx.com:emb-plus-vpr-4616:part0:1.0 available at C:/Xilinx/2025.1/data/xhub/boards\XilinxBoardStore\boards\Xilinx\emb-plus-vpr-4616\1.0\board.xml as part xcve2302-sfva784-2mp-e-s specified in board_part file is either invalid or not available
WARNING: [Board 49-26] cannot add Board Part xilinx.com:emb-plus-vpr-4616:part0:1.1 available at C:/Xilinx/2025.1/data/xhub/boards\XilinxBoardStore\boards\Xilinx\emb-plus-vpr-4616\1.1\board.xml as part xcve2302-sfva784-2mp-e-s specified in board_part file is either invalid or not available
WARNING: [Board 49-26] cannot add Board Part xilinx.com:k24c:part0:1.0 available at C:/Xilinx/2025.1/data/xhub/boards\XilinxBoardStore\boards\Xilinx\k24c\1.0\board.xml as part xck24-ubva530-2lv-c specified in board_part file is either invalid or not available
WARNING: [Board 49-26] cannot add Board Part xilinx.com:k24c:part0:1.1 available at C:/Xilinx/2025.1/data/xhub/boards\XilinxBoardStore\boards\Xilinx\k24c\1.1\board.xml as part xck24-ubva530-2lv-c specified in board_part file is either invalid or not available
WARNING: [Board 49-26] cannot add Board Part xilinx.com:k24i:part0:1.0 available at C:/Xilinx/2025.1/data/xhub/boards\XilinxBoardStore\boards\Xilinx\k24i\1.0\board.xml as part xck24-ubva530-2lvi-i specified in board_part file is either invalid or not available
WARNING: [Board 49-26] cannot add Board Part xilinx.com:k26c:part0:1.2 available at C:/Xilinx/2025.1/data/xhub/boards\XilinxBoardStore\boards\Xilinx\k26c\1.2\board.xml as part xck26-sfvc784-2lv-c specified in board_part file is either invalid or not available
WARNING: [Board 49-26] cannot add Board Part xilinx.com:k26c:part0:1.3 available at C:/Xilinx/2025.1/data/xhub/boards\XilinxBoardStore\boards\Xilinx\k26c\1.3\board.xml as part xck26-sfvc784-2lv-c specified in board_part file is either invalid or not available
WARNING: [Board 49-26] cannot add Board Part xilinx.com:k26c:part0:1.4 available at C:/Xilinx/2025.1/data/xhub/boards\XilinxBoardStore\boards\Xilinx\k26c\1.4\board.xml as part xck26-sfvc784-2lv-c specified in board_part file is either invalid or not available
WARNING: [Board 49-26] cannot add Board Part xilinx.com:k26i:part0:1.2 available at C:/Xilinx/2025.1/data/xhub/boards\XilinxBoardStore\boards\Xilinx\k26i\1.2\board.xml as part xck26-sfvc784-2lvi-i specified in board_part file is either invalid or not available
WARNING: [Board 49-26] cannot add Board Part xilinx.com:k26i:part0:1.3 available at C:/Xilinx/2025.1/data/xhub/boards\XilinxBoardStore\boards\Xilinx\k26i\1.3\board.xml as part xck26-sfvc784-2lvi-i specified in board_part file is either invalid or not available
WARNING: [Board 49-26] cannot add Board Part xilinx.com:k26i:part0:1.4 available at C:/Xilinx/2025.1/data/xhub/boards\XilinxBoardStore\boards\Xilinx\k26i\1.4\board.xml as part xck26-sfvc784-2lvi-i specified in board_part file is either invalid or not available
WARNING: [Board 49-26] cannot add Board Part xilinx.com:kcu105:part0:1.6 available at C:/Xilinx/2025.1/data/xhub/boards\XilinxBoardStore\boards\Xilinx\kcu105\1.6\board.xml as part xcku040-ffva1156-2-e specified in board_part file is either invalid or not available
WARNING: [Board 49-26] cannot add Board Part xilinx.com:kcu105:part0:1.7 available at C:/Xilinx/2025.1/data/xhub/boards\XilinxBoardStore\boards\Xilinx\kcu105\1.7\board.xml as part xcku040-ffva1156-2-e specified in board_part file is either invalid or not available
WARNING: [Board 49-26] cannot add Board Part xilinx.com:kcu116:part0:1.4 available at C:/Xilinx/2025.1/data/xhub/boards\XilinxBoardStore\boards\Xilinx\kcu116\1.4\board.xml as part xcku5p-ffvb676-2-e specified in board_part file is either invalid or not available
WARNING: [Board 49-26] cannot add Board Part xilinx.com:kcu116:part0:1.5 available at C:/Xilinx/2025.1/data/xhub/boards\XilinxBoardStore\boards\Xilinx\kcu116\1.5\board.xml as part xcku5p-ffvb676-2-e specified in board_part file is either invalid or not available
INFO: [Common 17-14] Message 'Board 49-26' appears 100 times and further instances of the messages will be disabled. Use the Tcl command set_msg_config to change the current settings.
WARNING: [Project 1-5713] Board part '' set for the project  is not found. BoardPart property will be unset. Please select board from latest repo build 
INFO: [IP_Flow 19-234] Refreshing IP repositories
INFO: [IP_Flow 19-1704] No user IP repositories specified
INFO: [IP_Flow 19-2313] Loaded Vivado IP repository 'C:/Xilinx/2025.1/Vivado/data/ip'.
open_project: Time (s): cpu = 00:00:28 ; elapsed = 00:00:10 . Memory (MB): peak = 1608.211 ; gain = 154.059
update_compile_order -fileset sources_1
synth_design -rtl -rtl_skip_mlo -name rtl_1
Command: synth_design -rtl -rtl_skip_mlo -name rtl_1
Starting synth_design
Using part: xc7a35tcpg236-1
Top: toplevelMVP
INFO: [Device 21-403] Loading part xc7a35tcpg236-1
INFO: [Synth 8-7079] Multithreading enabled for synth_design using a maximum of 2 processes.
INFO: [Synth 8-7078] Launching helper process for spawning children vivado processes
INFO: [Synth 8-7075] Helper process launched with PID 3472
---------------------------------------------------------------------------------
Starting RTL Elaboration : Time (s): cpu = 00:00:08 ; elapsed = 00:00:07 . Memory (MB): peak = 2268.695 ; gain = 483.980
---------------------------------------------------------------------------------
INFO: [Synth 8-6157] synthesizing module 'toplevelMVP' [C:/Users/noors/OneDrive/Documents/GitHub/ENEL_400_Oscilly/rtl/module toplevelMVP.sv:2]
INFO: [Synth 8-6157] synthesizing module 'synchro' [C:/Users/noors/OneDrive/Documents/GitHub/ENEL_400_Oscilly/rtl/synchro.sv:7]
INFO: [Synth 8-6157] synthesizing module 'register' [C:/Users/noors/OneDrive/Documents/GitHub/ENEL_400_Oscilly/rtl/register.sv:7]
	Parameter WIDTH bound to: 32'sb00000000000000000000000000000001 
INFO: [Synth 8-6155] done synthesizing module 'register' (0#1) [C:/Users/noors/OneDrive/Documents/GitHub/ENEL_400_Oscilly/rtl/register.sv:7]
INFO: [Synth 8-6155] done synthesizing module 'synchro' (0#1) [C:/Users/noors/OneDrive/Documents/GitHub/ENEL_400_Oscilly/rtl/synchro.sv:7]
INFO: [Synth 8-6157] synthesizing module 'uart_send_16' [C:/Users/noors/OneDrive/Documents/GitHub/ENEL_400_Oscilly/rtl/uart_send_16.sv:1]
INFO: [Synth 8-6155] done synthesizing module 'uart_send_16' (0#1) [C:/Users/noors/OneDrive/Documents/GitHub/ENEL_400_Oscilly/rtl/uart_send_16.sv:1]
INFO: [Synth 8-6157] synthesizing module 'uart_tx' [C:/Users/noors/OneDrive/Documents/GitHub/ENEL_400_Oscilly/rtl/uart_tx.sv:1]
	Parameter BAUD_DIV bound to: 32'sb00000000000000000000001101100100 
INFO: [Synth 8-6155] done synthesizing module 'uart_tx' (0#1) [C:/Users/noors/OneDrive/Documents/GitHub/ENEL_400_Oscilly/rtl/uart_tx.sv:1]
INFO: [Synth 8-6157] synthesizing module 'uart_rx' [C:/Users/noors/OneDrive/Documents/GitHub/ENEL_400_Oscilly/rtl/uart_rx.sv:1]
	Parameter BAUD_DIV bound to: 32'sb00000000000000000000001101100100 
INFO: [Synth 8-6155] done synthesizing module 'uart_rx' (0#1) [C:/Users/noors/OneDrive/Documents/GitHub/ENEL_400_Oscilly/rtl/uart_rx.sv:1]
INFO: [Synth 8-6157] synthesizing module 'sar' [C:/Users/noors/OneDrive/Documents/GitHub/ENEL_400_Oscilly/rtl/sar.sv:8]
	Parameter WIDTH bound to: 32'sb00000000000000000000000000001000 
INFO: [Synth 8-6155] done synthesizing module 'sar' (0#1) [C:/Users/noors/OneDrive/Documents/GitHub/ENEL_400_Oscilly/rtl/sar.sv:8]
INFO: [Synth 8-6157] synthesizing module 'pwm' [C:/Users/noors/OneDrive/Documents/GitHub/ENEL_400_Oscilly/rtl/pwm.sv:1]
	Parameter WIDTH bound to: 32'sb00000000000000000000000000001000 
INFO: [Synth 8-6155] done synthesizing module 'pwm' (0#1) [C:/Users/noors/OneDrive/Documents/GitHub/ENEL_400_Oscilly/rtl/pwm.sv:1]
INFO: [Synth 8-6157] synthesizing module 'recorder' [C:/Users/noors/OneDrive/Documents/GitHub/ENEL_400_Oscilly/rtl/recorder.sv:6]
INFO: [Synth 8-6157] synthesizing module 'register__parameterized0' [C:/Users/noors/OneDrive/Documents/GitHub/ENEL_400_Oscilly/rtl/register.sv:7]
	Parameter WIDTH bound to: 32'sb00000000000000000000000000001000 
INFO: [Synth 8-6155] done synthesizing module 'register__parameterized0' (0#1) [C:/Users/noors/OneDrive/Documents/GitHub/ENEL_400_Oscilly/rtl/register.sv:7]
INFO: [Synth 8-6155] done synthesizing module 'recorder' (0#1) [C:/Users/noors/OneDrive/Documents/GitHub/ENEL_400_Oscilly/rtl/recorder.sv:6]
INFO: [Synth 8-6157] synthesizing module 'adc_processing' [C:/Users/noors/OneDrive/Documents/GitHub/ENEL_400_Oscilly/rtl/adc_processing.sv:11]
	Parameter SCALING_FACTOR bound to: 32'sb00000000000000000000001100111001 
	Parameter SHIFT_FACTOR bound to: 32'sb00000000000000000000000000001110 
INFO: [Synth 8-6157] synthesizing module 'averager_simple' [C:/Users/noors/OneDrive/Documents/GitHub/ENEL_400_Oscilly/rtl/averager_simple.sv:47]
	Parameter power bound to: 32'sb00000000000000000000000000001000 
INFO: [Synth 8-6155] done synthesizing module 'averager_simple' (0#1) [C:/Users/noors/OneDrive/Documents/GitHub/ENEL_400_Oscilly/rtl/averager_simple.sv:47]
WARNING: [Synth 8-689] width (16) of port connection 'Din' does not match port width (8) of module 'averager_simple' [C:/Users/noors/OneDrive/Documents/GitHub/ENEL_400_Oscilly/rtl/adc_processing.sv:53]
INFO: [Synth 8-6155] done synthesizing module 'adc_processing' (0#1) [C:/Users/noors/OneDrive/Documents/GitHub/ENEL_400_Oscilly/rtl/adc_processing.sv:11]
WARNING: [Synth 8-689] width (8) of port connection 'data' does not match port width (16) of module 'adc_processing' [C:/Users/noors/OneDrive/Documents/GitHub/ENEL_400_Oscilly/rtl/module toplevelMVP.sv:123]
WARNING: [Synth 8-7071] port 'ready_pulse' of module 'adc_processing' is unconnected for instance 'DC_PROC' [C:/Users/noors/OneDrive/Documents/GitHub/ENEL_400_Oscilly/rtl/module toplevelMVP.sv:119]
WARNING: [Synth 8-7023] instance 'DC_PROC' of module 'adc_processing' has 7 connections declared, but only 6 given [C:/Users/noors/OneDrive/Documents/GitHub/ENEL_400_Oscilly/rtl/module toplevelMVP.sv:119]
INFO: [Synth 8-6157] synthesizing module 'mux21' [C:/Users/noors/OneDrive/Documents/GitHub/ENEL_400_Oscilly/rtl/mux21.sv:1]
	Parameter WIDTH bound to: 16 - type: integer 
INFO: [Synth 8-226] default block is never used [C:/Users/noors/OneDrive/Documents/GitHub/ENEL_400_Oscilly/rtl/mux21.sv:12]
INFO: [Synth 8-6155] done synthesizing module 'mux21' (0#1) [C:/Users/noors/OneDrive/Documents/GitHub/ENEL_400_Oscilly/rtl/mux21.sv:1]
INFO: [Synth 8-6157] synthesizing module 'bin_to_bcd' [C:/Users/noors/OneDrive/Documents/GitHub/ENEL_400_Oscilly/rtl/bin_to_bcd.sv:43]
INFO: [Synth 8-6155] done synthesizing module 'bin_to_bcd' (0#1) [C:/Users/noors/OneDrive/Documents/GitHub/ENEL_400_Oscilly/rtl/bin_to_bcd.sv:43]
INFO: [Synth 8-6157] synthesizing module 'seven_segment_display_subsystem' [C:/Users/noors/OneDrive/Documents/GitHub/ENEL_400_Oscilly/rtl/seven_segment_display_subsystem.sv:26]
INFO: [Synth 8-6157] synthesizing module 'digit_multiplexor' [C:/Users/noors/OneDrive/Documents/GitHub/ENEL_400_Oscilly/rtl/digit_multiplexor.sv:39]
INFO: [Synth 8-6155] done synthesizing module 'digit_multiplexor' (0#1) [C:/Users/noors/OneDrive/Documents/GitHub/ENEL_400_Oscilly/rtl/digit_multiplexor.sv:39]
INFO: [Synth 8-6157] synthesizing module 'seven_segment_digit_selector' [C:/Users/noors/OneDrive/Documents/GitHub/ENEL_400_Oscilly/rtl/seven_segment_digit_selector.sv:36]
INFO: [Synth 8-6155] done synthesizing module 'seven_segment_digit_selector' (0#1) [C:/Users/noors/OneDrive/Documents/GitHub/ENEL_400_Oscilly/rtl/seven_segment_digit_selector.sv:36]
INFO: [Synth 8-6157] synthesizing module 'seven_segment_decoder' [C:/Users/noors/OneDrive/Documents/GitHub/ENEL_400_Oscilly/rtl/seven_segment_decoder.sv:37]
INFO: [Synth 8-226] default block is never used [C:/Users/noors/OneDrive/Documents/GitHub/ENEL_400_Oscilly/rtl/seven_segment_decoder.sv:55]
INFO: [Synth 8-6155] done synthesizing module 'seven_segment_decoder' (0#1) [C:/Users/noors/OneDrive/Documents/GitHub/ENEL_400_Oscilly/rtl/seven_segment_decoder.sv:37]
INFO: [Synth 8-6155] done synthesizing module 'seven_segment_display_subsystem' (0#1) [C:/Users/noors/OneDrive/Documents/GitHub/ENEL_400_Oscilly/rtl/seven_segment_display_subsystem.sv:26]
WARNING: [Synth 8-7071] port 'decimal_point' of module 'seven_segment_display_subsystem' is unconnected for instance 'SSD' [C:/Users/noors/OneDrive/Documents/GitHub/ENEL_400_Oscilly/rtl/module toplevelMVP.sv:150]
WARNING: [Synth 8-7023] instance 'SSD' of module 'seven_segment_display_subsystem' has 19 connections declared, but only 18 given [C:/Users/noors/OneDrive/Documents/GitHub/ENEL_400_Oscilly/rtl/module toplevelMVP.sv:150]
INFO: [Synth 8-6155] done synthesizing module 'toplevelMVP' (0#1) [C:/Users/noors/OneDrive/Documents/GitHub/ENEL_400_Oscilly/rtl/module toplevelMVP.sv:2]
WARNING: [Synth 8-6014] Unused sequential element ready_reg was removed.  [C:/Users/noors/OneDrive/Documents/GitHub/ENEL_400_Oscilly/rtl/bin_to_bcd.sv:59]
WARNING: [Synth 8-3848] Net led in module/entity toplevelMVP does not have driver. [C:/Users/noors/OneDrive/Documents/GitHub/ENEL_400_Oscilly/rtl/module toplevelMVP.sv:16]
WARNING: [Synth 8-7129] Port data[15] in module adc_processing is either unconnected or has no load
WARNING: [Synth 8-7129] Port data[14] in module adc_processing is either unconnected or has no load
WARNING: [Synth 8-7129] Port data[13] in module adc_processing is either unconnected or has no load
WARNING: [Synth 8-7129] Port data[12] in module adc_processing is either unconnected or has no load
WARNING: [Synth 8-7129] Port data[11] in module adc_processing is either unconnected or has no load
WARNING: [Synth 8-7129] Port data[10] in module adc_processing is either unconnected or has no load
WARNING: [Synth 8-7129] Port data[9] in module adc_processing is either unconnected or has no load
WARNING: [Synth 8-7129] Port data[8] in module adc_processing is either unconnected or has no load
WARNING: [Synth 8-7129] Port led[15] in module toplevelMVP is either unconnected or has no load
WARNING: [Synth 8-7129] Port led[14] in module toplevelMVP is either unconnected or has no load
WARNING: [Synth 8-7129] Port led[13] in module toplevelMVP is either unconnected or has no load
WARNING: [Synth 8-7129] Port led[12] in module toplevelMVP is either unconnected or has no load
WARNING: [Synth 8-7129] Port led[11] in module toplevelMVP is either unconnected or has no load
WARNING: [Synth 8-7129] Port led[10] in module toplevelMVP is either unconnected or has no load
WARNING: [Synth 8-7129] Port led[9] in module toplevelMVP is either unconnected or has no load
WARNING: [Synth 8-7129] Port led[8] in module toplevelMVP is either unconnected or has no load
WARNING: [Synth 8-7129] Port led[7] in module toplevelMVP is either unconnected or has no load
WARNING: [Synth 8-7129] Port led[6] in module toplevelMVP is either unconnected or has no load
WARNING: [Synth 8-7129] Port led[5] in module toplevelMVP is either unconnected or has no load
WARNING: [Synth 8-7129] Port led[4] in module toplevelMVP is either unconnected or has no load
WARNING: [Synth 8-7129] Port led[3] in module toplevelMVP is either unconnected or has no load
WARNING: [Synth 8-7129] Port led[2] in module toplevelMVP is either unconnected or has no load
WARNING: [Synth 8-7129] Port led[1] in module toplevelMVP is either unconnected or has no load
WARNING: [Synth 8-7129] Port led[0] in module toplevelMVP is either unconnected or has no load
WARNING: [Synth 8-7129] Port vauxp15 in module toplevelMVP is either unconnected or has no load
WARNING: [Synth 8-7129] Port vauxn15 in module toplevelMVP is either unconnected or has no load
---------------------------------------------------------------------------------
Finished RTL Elaboration : Time (s): cpu = 00:00:10 ; elapsed = 00:00:09 . Memory (MB): peak = 2409.074 ; gain = 624.359
---------------------------------------------------------------------------------
---------------------------------------------------------------------------------
Start Handling Custom Attributes
---------------------------------------------------------------------------------
---------------------------------------------------------------------------------
Finished Handling Custom Attributes : Time (s): cpu = 00:00:10 ; elapsed = 00:00:09 . Memory (MB): peak = 2409.074 ; gain = 624.359
---------------------------------------------------------------------------------
---------------------------------------------------------------------------------
Finished RTL Optimization Phase 1 : Time (s): cpu = 00:00:10 ; elapsed = 00:00:09 . Memory (MB): peak = 2409.074 ; gain = 624.359
---------------------------------------------------------------------------------
Netlist sorting complete. Time (s): cpu = 00:00:00 ; elapsed = 00:00:00.031 . Memory (MB): peak = 2409.074 ; gain = 0.000
INFO: [Project 1-570] Preparing netlist for logic optimization

Processing XDC Constraints
Initializing timing engine
Parsing XDC File [C:/Users/noors/OneDrive/Documents/GitHub/ENEL_400_Oscilly/rtl/Basys3.xdc]
WARNING: [Vivado 12-584] No ports matched 'scaled_switch'. [C:/Users/noors/OneDrive/Documents/GitHub/ENEL_400_Oscilly/rtl/Basys3.xdc:14]
CRITICAL WARNING: [Common 17-55] 'set_property' expects at least one object. [C:/Users/noors/OneDrive/Documents/GitHub/ENEL_400_Oscilly/rtl/Basys3.xdc:14]
Resolution: If [get_<value>] was used to populate the object, check to make sure this command returns at least one valid object.
WARNING: [Vivado 12-584] No ports matched 'avg_switch'. [C:/Users/noors/OneDrive/Documents/GitHub/ENEL_400_Oscilly/rtl/Basys3.xdc:15]
CRITICAL WARNING: [Common 17-55] 'set_property' expects at least one object. [C:/Users/noors/OneDrive/Documents/GitHub/ENEL_400_Oscilly/rtl/Basys3.xdc:15]
Resolution: If [get_<value>] was used to populate the object, check to make sure this command returns at least one valid object.
WARNING: [Vivado 12-584] No ports matched 'raw_switch'. [C:/Users/noors/OneDrive/Documents/GitHub/ENEL_400_Oscilly/rtl/Basys3.xdc:16]
CRITICAL WARNING: [Common 17-55] 'set_property' expects at least one object. [C:/Users/noors/OneDrive/Documents/GitHub/ENEL_400_Oscilly/rtl/Basys3.xdc:16]
Resolution: If [get_<value>] was used to populate the object, check to make sure this command returns at least one valid object.
WARNING: [Vivado 12-584] No ports matched 'switches_inputs[3]'. [C:/Users/noors/OneDrive/Documents/GitHub/ENEL_400_Oscilly/rtl/Basys3.xdc:17]
CRITICAL WARNING: [Common 17-55] 'set_property' expects at least one object. [C:/Users/noors/OneDrive/Documents/GitHub/ENEL_400_Oscilly/rtl/Basys3.xdc:17]
Resolution: If [get_<value>] was used to populate the object, check to make sure this command returns at least one valid object.
WARNING: [Vivado 12-584] No ports matched 'switches_inputs[4]'. [C:/Users/noors/OneDrive/Documents/GitHub/ENEL_400_Oscilly/rtl/Basys3.xdc:18]
CRITICAL WARNING: [Common 17-55] 'set_property' expects at least one object. [C:/Users/noors/OneDrive/Documents/GitHub/ENEL_400_Oscilly/rtl/Basys3.xdc:18]
Resolution: If [get_<value>] was used to populate the object, check to make sure this command returns at least one valid object.
WARNING: [Vivado 12-584] No ports matched 'switches_inputs[5]'. [C:/Users/noors/OneDrive/Documents/GitHub/ENEL_400_Oscilly/rtl/Basys3.xdc:19]
CRITICAL WARNING: [Common 17-55] 'set_property' expects at least one object. [C:/Users/noors/OneDrive/Documents/GitHub/ENEL_400_Oscilly/rtl/Basys3.xdc:19]
Resolution: If [get_<value>] was used to populate the object, check to make sure this command returns at least one valid object.
WARNING: [Vivado 12-584] No ports matched 'switches_inputs[6]'. [C:/Users/noors/OneDrive/Documents/GitHub/ENEL_400_Oscilly/rtl/Basys3.xdc:20]
CRITICAL WARNING: [Common 17-55] 'set_property' expects at least one object. [C:/Users/noors/OneDrive/Documents/GitHub/ENEL_400_Oscilly/rtl/Basys3.xdc:20]
Resolution: If [get_<value>] was used to populate the object, check to make sure this command returns at least one valid object.
WARNING: [Vivado 12-584] No ports matched 'switches_inputs[7]'. [C:/Users/noors/OneDrive/Documents/GitHub/ENEL_400_Oscilly/rtl/Basys3.xdc:21]
CRITICAL WARNING: [Common 17-55] 'set_property' expects at least one object. [C:/Users/noors/OneDrive/Documents/GitHub/ENEL_400_Oscilly/rtl/Basys3.xdc:21]
Resolution: If [get_<value>] was used to populate the object, check to make sure this command returns at least one valid object.
WARNING: [Vivado 12-584] No ports matched 'switches_inputs[8]'. [C:/Users/noors/OneDrive/Documents/GitHub/ENEL_400_Oscilly/rtl/Basys3.xdc:22]
CRITICAL WARNING: [Common 17-55] 'set_property' expects at least one object. [C:/Users/noors/OneDrive/Documents/GitHub/ENEL_400_Oscilly/rtl/Basys3.xdc:22]
Resolution: If [get_<value>] was used to populate the object, check to make sure this command returns at least one valid object.
WARNING: [Vivado 12-584] No ports matched 'switches_inputs[9]'. [C:/Users/noors/OneDrive/Documents/GitHub/ENEL_400_Oscilly/rtl/Basys3.xdc:23]
CRITICAL WARNING: [Common 17-55] 'set_property' expects at least one object. [C:/Users/noors/OneDrive/Documents/GitHub/ENEL_400_Oscilly/rtl/Basys3.xdc:23]
Resolution: If [get_<value>] was used to populate the object, check to make sure this command returns at least one valid object.
WARNING: [Vivado 12-584] No ports matched 'switches_inputs[10]'. [C:/Users/noors/OneDrive/Documents/GitHub/ENEL_400_Oscilly/rtl/Basys3.xdc:24]
CRITICAL WARNING: [Common 17-55] 'set_property' expects at least one object. [C:/Users/noors/OneDrive/Documents/GitHub/ENEL_400_Oscilly/rtl/Basys3.xdc:24]
Resolution: If [get_<value>] was used to populate the object, check to make sure this command returns at least one valid object.
WARNING: [Vivado 12-584] No ports matched 'switches_inputs[11]'. [C:/Users/noors/OneDrive/Documents/GitHub/ENEL_400_Oscilly/rtl/Basys3.xdc:25]
CRITICAL WARNING: [Common 17-55] 'set_property' expects at least one object. [C:/Users/noors/OneDrive/Documents/GitHub/ENEL_400_Oscilly/rtl/Basys3.xdc:25]
Resolution: If [get_<value>] was used to populate the object, check to make sure this command returns at least one valid object.
WARNING: [Vivado 12-584] No ports matched 'sar_switch'. [C:/Users/noors/OneDrive/Documents/GitHub/ENEL_400_Oscilly/rtl/Basys3.xdc:26]
CRITICAL WARNING: [Common 17-55] 'set_property' expects at least one object. [C:/Users/noors/OneDrive/Documents/GitHub/ENEL_400_Oscilly/rtl/Basys3.xdc:26]
Resolution: If [get_<value>] was used to populate the object, check to make sure this command returns at least one valid object.
WARNING: [Vivado 12-584] No ports matched 'comp_switch'. [C:/Users/noors/OneDrive/Documents/GitHub/ENEL_400_Oscilly/rtl/Basys3.xdc:27]
CRITICAL WARNING: [Common 17-55] 'set_property' expects at least one object. [C:/Users/noors/OneDrive/Documents/GitHub/ENEL_400_Oscilly/rtl/Basys3.xdc:27]
Resolution: If [get_<value>] was used to populate the object, check to make sure this command returns at least one valid object.
WARNING: [Vivado 12-584] No ports matched 'signal_switch'. [C:/Users/noors/OneDrive/Documents/GitHub/ENEL_400_Oscilly/rtl/Basys3.xdc:28]
CRITICAL WARNING: [Common 17-55] 'set_property' expects at least one object. [C:/Users/noors/OneDrive/Documents/GitHub/ENEL_400_Oscilly/rtl/Basys3.xdc:28]
Resolution: If [get_<value>] was used to populate the object, check to make sure this command returns at least one valid object.
WARNING: [Vivado 12-584] No ports matched 'binbcd_switch'. [C:/Users/noors/OneDrive/Documents/GitHub/ENEL_400_Oscilly/rtl/Basys3.xdc:29]
CRITICAL WARNING: [Common 17-55] 'set_property' expects at least one object. [C:/Users/noors/OneDrive/Documents/GitHub/ENEL_400_Oscilly/rtl/Basys3.xdc:29]
Resolution: If [get_<value>] was used to populate the object, check to make sure this command returns at least one valid object.
WARNING: [Vivado 12-584] No ports matched 'R2R_out[0]'. [C:/Users/noors/OneDrive/Documents/GitHub/ENEL_400_Oscilly/rtl/Basys3.xdc:78]
CRITICAL WARNING: [Common 17-55] 'set_property' expects at least one object. [C:/Users/noors/OneDrive/Documents/GitHub/ENEL_400_Oscilly/rtl/Basys3.xdc:78]
Resolution: If [get_<value>] was used to populate the object, check to make sure this command returns at least one valid object.
WARNING: [Vivado 12-584] No ports matched 'R2R_out[1]'. [C:/Users/noors/OneDrive/Documents/GitHub/ENEL_400_Oscilly/rtl/Basys3.xdc:79]
CRITICAL WARNING: [Common 17-55] 'set_property' expects at least one object. [C:/Users/noors/OneDrive/Documents/GitHub/ENEL_400_Oscilly/rtl/Basys3.xdc:79]
Resolution: If [get_<value>] was used to populate the object, check to make sure this command returns at least one valid object.
WARNING: [Vivado 12-584] No ports matched 'R2R_out[2]'. [C:/Users/noors/OneDrive/Documents/GitHub/ENEL_400_Oscilly/rtl/Basys3.xdc:80]
CRITICAL WARNING: [Common 17-55] 'set_property' expects at least one object. [C:/Users/noors/OneDrive/Documents/GitHub/ENEL_400_Oscilly/rtl/Basys3.xdc:80]
Resolution: If [get_<value>] was used to populate the object, check to make sure this command returns at least one valid object.
WARNING: [Vivado 12-584] No ports matched 'R2R_out[3]'. [C:/Users/noors/OneDrive/Documents/GitHub/ENEL_400_Oscilly/rtl/Basys3.xdc:81]
CRITICAL WARNING: [Common 17-55] 'set_property' expects at least one object. [C:/Users/noors/OneDrive/Documents/GitHub/ENEL_400_Oscilly/rtl/Basys3.xdc:81]
Resolution: If [get_<value>] was used to populate the object, check to make sure this command returns at least one valid object.
WARNING: [Vivado 12-584] No ports matched 'R2R_out[4]'. [C:/Users/noors/OneDrive/Documents/GitHub/ENEL_400_Oscilly/rtl/Basys3.xdc:82]
CRITICAL WARNING: [Common 17-55] 'set_property' expects at least one object. [C:/Users/noors/OneDrive/Documents/GitHub/ENEL_400_Oscilly/rtl/Basys3.xdc:82]
Resolution: If [get_<value>] was used to populate the object, check to make sure this command returns at least one valid object.
WARNING: [Vivado 12-584] No ports matched 'R2R_out[5]'. [C:/Users/noors/OneDrive/Documents/GitHub/ENEL_400_Oscilly/rtl/Basys3.xdc:83]
CRITICAL WARNING: [Common 17-55] 'set_property' expects at least one object. [C:/Users/noors/OneDrive/Documents/GitHub/ENEL_400_Oscilly/rtl/Basys3.xdc:83]
Resolution: If [get_<value>] was used to populate the object, check to make sure this command returns at least one valid object.
WARNING: [Vivado 12-584] No ports matched 'R2R_out[6]'. [C:/Users/noors/OneDrive/Documents/GitHub/ENEL_400_Oscilly/rtl/Basys3.xdc:84]
CRITICAL WARNING: [Common 17-55] 'set_property' expects at least one object. [C:/Users/noors/OneDrive/Documents/GitHub/ENEL_400_Oscilly/rtl/Basys3.xdc:84]
Resolution: If [get_<value>] was used to populate the object, check to make sure this command returns at least one valid object.
WARNING: [Vivado 12-584] No ports matched 'R2R_out[7]'. [C:/Users/noors/OneDrive/Documents/GitHub/ENEL_400_Oscilly/rtl/Basys3.xdc:85]
CRITICAL WARNING: [Common 17-55] 'set_property' expects at least one object. [C:/Users/noors/OneDrive/Documents/GitHub/ENEL_400_Oscilly/rtl/Basys3.xdc:85]
Resolution: If [get_<value>] was used to populate the object, check to make sure this command returns at least one valid object.
WARNING: [Vivado 12-584] No ports matched 'r2r_comp'. [C:/Users/noors/OneDrive/Documents/GitHub/ENEL_400_Oscilly/rtl/Basys3.xdc:95]
CRITICAL WARNING: [Common 17-55] 'set_property' expects at least one object. [C:/Users/noors/OneDrive/Documents/GitHub/ENEL_400_Oscilly/rtl/Basys3.xdc:95]
Resolution: If [get_<value>] was used to populate the object, check to make sure this command returns at least one valid object.
WARNING: [Vivado 12-584] No ports matched 'buzzer_out'. [C:/Users/noors/OneDrive/Documents/GitHub/ENEL_400_Oscilly/rtl/Basys3.xdc:112]
CRITICAL WARNING: [Common 17-55] 'set_property' expects at least one object. [C:/Users/noors/OneDrive/Documents/GitHub/ENEL_400_Oscilly/rtl/Basys3.xdc:112]
Resolution: If [get_<value>] was used to populate the object, check to make sure this command returns at least one valid object.
Finished Parsing XDC File [C:/Users/noors/OneDrive/Documents/GitHub/ENEL_400_Oscilly/rtl/Basys3.xdc]
Completed Processing XDC Constraints

Netlist sorting complete. Time (s): cpu = 00:00:00 ; elapsed = 00:00:00.001 . Memory (MB): peak = 2448.574 ; gain = 0.000
INFO: [Project 1-111] Unisim Transformation Summary:
No Unisim elements were transformed.

RTL Elaboration Complete:  : Time (s): cpu = 00:00:28 ; elapsed = 00:00:20 . Memory (MB): peak = 2720.066 ; gain = 935.352
44 Infos, 60 Warnings, 26 Critical Warnings and 0 Errors encountered.
synth_design completed successfully
synth_design: Time (s): cpu = 00:00:32 ; elapsed = 00:00:37 . Memory (MB): peak = 2720.066 ; gain = 1091.379
create_ip -name xadc_wiz -vendor xilinx.com -library ip -version 3.3 -module_name xadc_wiz_0
set_property -dict [list \
  CONFIG.CHANNEL_AVERAGING {256} \
  CONFIG.OT_ALARM {false} \
  CONFIG.SENSOR_OFFSET_AND_GAIN_CALIBRATION {true} \
  CONFIG.SINGLE_CHANNEL_SELECTION {VAUXP15_VAUXN15} \
  CONFIG.USER_TEMP_ALARM {false} \
  CONFIG.VCCAUX_ALARM {false} \
  CONFIG.VCCINT_ALARM {false} \
] [get_ips xadc_wiz_0]
generate_target {instantiation_template} [get_files c:/Users/noors/OneDrive/Documents/GitHub/ENEL_400_Oscilly/rtl/mvpattempt1.srcs/sources_1/ip/xadc_wiz_0/xadc_wiz_0.xci]
INFO: [IP_Flow 19-1686] Generating 'Instantiation Template' target for IP 'xadc_wiz_0'...
update_compile_order -fileset sources_1
generate_target all [get_files  c:/Users/noors/OneDrive/Documents/GitHub/ENEL_400_Oscilly/rtl/mvpattempt1.srcs/sources_1/ip/xadc_wiz_0/xadc_wiz_0.xci]
INFO: [IP_Flow 19-1686] Generating 'Synthesis' target for IP 'xadc_wiz_0'...
INFO: [IP_Flow 19-1686] Generating 'Simulation' target for IP 'xadc_wiz_0'...
INFO: [IP_Flow 19-1686] Generating 'Miscellaneous' target for IP 'xadc_wiz_0'...
INFO: [IP_Flow 19-1686] Generating 'Change Log' target for IP 'xadc_wiz_0'...
catch { config_ip_cache -export [get_ips -all xadc_wiz_0] }
export_ip_user_files -of_objects [get_files c:/Users/noors/OneDrive/Documents/GitHub/ENEL_400_Oscilly/rtl/mvpattempt1.srcs/sources_1/ip/xadc_wiz_0/xadc_wiz_0.xci] -no_script -sync -force -quiet
create_ip_run [get_files -of_objects [get_fileset sources_1] c:/Users/noors/OneDrive/Documents/GitHub/ENEL_400_Oscilly/rtl/mvpattempt1.srcs/sources_1/ip/xadc_wiz_0/xadc_wiz_0.xci]
launch_runs xadc_wiz_0_synth_1 -jobs 6
[Tue Mar  3 10:10:18 2026] Launched xadc_wiz_0_synth_1...
Run output will be captured here: C:/Users/noors/OneDrive/Documents/GitHub/ENEL_400_Oscilly/rtl/mvpattempt1.runs/xadc_wiz_0_synth_1/runme.log
export_simulation -lib_map_path [list {modelsim=C:/Users/noors/OneDrive/Documents/GitHub/ENEL_400_Oscilly/rtl/mvpattempt1.cache/compile_simlib/modelsim} {questa=C:/Users/noors/OneDrive/Documents/GitHub/ENEL_400_Oscilly/rtl/mvpattempt1.cache/compile_simlib/questa} {riviera=C:/Users/noors/OneDrive/Documents/GitHub/ENEL_400_Oscilly/rtl/mvpattempt1.cache/compile_simlib/riviera} {activehdl=C:/Users/noors/OneDrive/Documents/GitHub/ENEL_400_Oscilly/rtl/mvpattempt1.cache/compile_simlib/activehdl}] -of_objects [get_files c:/Users/noors/OneDrive/Documents/GitHub/ENEL_400_Oscilly/rtl/mvpattempt1.srcs/sources_1/ip/xadc_wiz_0/xadc_wiz_0.xci] -directory C:/Users/noors/OneDrive/Documents/GitHub/ENEL_400_Oscilly/rtl/mvpattempt1.ip_user_files/sim_scripts -ip_user_files_dir C:/Users/noors/OneDrive/Documents/GitHub/ENEL_400_Oscilly/rtl/mvpattempt1.ip_user_files -ipstatic_source_dir C:/Users/noors/OneDrive/Documents/GitHub/ENEL_400_Oscilly/rtl/mvpattempt1.ip_user_files/ipstatic -use_ip_compiled_libs -force -quiet
